> Chin Soen:
Установка EVE-NG
В открывшейся NoVNC консоли, войдите под учетной записью ubuntu:P@ssw0rd. С помощью команды sudo su продолжите работу как пользователь root. Поменяйте пароль для учетной записи root c помощью команды passwd, задайте пароль P@ssw0rd.

Выполните команду wget -O - http://www.eve-ng.net/repo/install-eve.sh | bash -i и после завершения скрипта выполните комманду reboot. После перезагрузки войдите под учетной записью root:P@ssw0rd и следуйте инструкциям конфигуратора. Введите пароль P@ssw0rd для пользователя root, остальные параметры оставьте по-умолчанию. После завершения работы конфигуратора вернитесь в раздел Серверы панели управления, скопируйте внешний IP-адрес виртуальной машины и подключитесь к ней по SSH с помощью вашего локального терминала.
Подготовка образов для установки виртуальных машин
Перейдите в директорию шаблонов виртуальных машин qemu с помощью команды cd /opt/unetlab/addons/qemu/. С помощью утилиты mkdir создайте следующие директории:

root@eve-ng:/opt/unetlab/addons/qemu# mkdir linux-ubuntu20
root@eve-ng:/opt/unetlab/addons/qemu# mkdir linux-centos8
root@eve-ng:/opt/unetlab/addons/qemu# mkdir winserver-2022
root@eve-ng:/opt/unetlab/addons/qemu# mkdir vyos-1.4
Скачайте установочные образы для каждой операционной системы используя следующие команды:

wget -O - https://s3.amazonaws.com/s3-us.vyos.io/rolling/current/vyos-1.4-rolling-202204100814-amd64.iso > vyos-1.4/cdrom.iso
wget -O - https://mirror.yandex.ru/ubuntu-releases/20.04/ubuntu-20.04.4-desktop-amd64.iso > linux-ubuntu20/cdrom.iso
wget -O - https://mirror.yandex.ru/centos/8-stream/isos/x86_64/CentOS-Stream-8-x86_64-20220406-dvd1.iso > linux-centos8/cdrom.iso
wget -O - https://software-download.microsoft.com/download/sg/20348.1.210507-1500.fe_release_SERVER_EVAL_x64FRE_en-us.iso > winserver-2022/cdrom.iso
Создайте виртуальные диски для эмулятора qemu-kvm в формате qcow2 для каждого шаблона виртуальной машины с использованием следующих команд:

root@eve-ng:/opt/unetlab/addons/qemu# qemu-img create -f qcow2 vyos-1.4/virtioa.qcow2 5G
Formatting 'vyos-1.4/virtioa.qcow2', fmt=qcow2 size=5368709120 encryption=off cluster_size=65536 lazy_refcounts=off refcount_bits=16

root@eve-ng:/opt/unetlab/addons/qemu# qemu-img create -f qcow2 linux-ubuntu20/virtioa.qcow2 15G
Formatting 'linux-ubuntu20/virtioa.qcow2', fmt=qcow2 size=16106127360 encryption=off cluster_size=65536 lazy_refcounts=off refcount_bits=16

root@eve-ng:/opt/unetlab/addons/qemu# qemu-img create -f qcow2 linux-centos8/virtioa.qcow2 15G
Formatting 'linux-centos8/virtioa.qcow2', fmt=qcow2 size=16106127360 encryption=off cluster_size=65536 lazy_refcounts=off refcount_bits=16

root@eve-ng:/opt/unetlab/addons/qemu# qemu-img create -f qcow2 winserver-2022/virtioa.qcow2 20G
Formatting 'winserver-2022/virtioa.qcow2', fmt=qcow2 size=21474836480 encryption=off cluster_size=65536 lazy_refcounts=off refcount_bits=16
Подробнее ознакомиться с форматом наименований виртуальных дисков можно на сайте eve-ng по ссылке: https://www.eve-ng.net/index.php/documentation/qemu-image-namings/

Настройка NAT интерфейса
После установки eve-ng для всех интерфейсов операционной системы были созданы виртуальные коммутируемые интерфейсы pnet*. Интерфейс pnet0 является коммутируемым интерфейсом для eth0 и используется для управления, а также для подключения виртуальных машин к сети управления.

Для того, чтобы виртуальные машины имели возможность выходить в сеть интернет, настройте адрес 10.0.138.1/24 на интерфейсе pnet1 используя команду ifconfig и проверьте результат, как показано ниже:

root@eve-ng:/opt/unetlab/addons/qemu# ifconfig pnet1 10.0.138.1/24

> Chin Soen:
root@eve-ng:/opt/unetlab/addons/qemu# ifconfig pnet1
pnet1     Link encap:Ethernet  HWaddr 06:99:49:d2:4b:63
          inet addr:10.0.138.1  Bcast:10.0.138.255  Mask:255.255.255.0
          inet6 addr: fe80::499:49ff:fed2:4b63/64 Scope:Link
          UP BROADCAST RUNNING MULTICAST  MTU:1500  Metric:1
          RX packets:0 errors:0 dropped:0 overruns:0 frame:0
          TX packets:15 errors:0 dropped:0 overruns:0 carrier:0
          collisions:0 txqueuelen:1000
          RX bytes:0 (0.0 B)  TX bytes:1146 (1.1 KB)
Добавьте правило iptables для трансляции сетевых адресов из сети 10.0.138.0/24 в адрес интерфейса pnet0 и проверьте результат с помощью следующих команд:

root@eve-ng:/opt/unetlab/addons/qemu# iptables -t nat -A POSTROUTING -s 10.0.138.0/24 -o pnet0 -j MASQUERADE

root@eve-ng:/opt/unetlab/addons/qemu# iptables -t nat -L

Chain PREROUTING (policy ACCEPT)
target     prot opt source               destination

Chain INPUT (policy ACCEPT)
target     prot opt source               destination

Chain OUTPUT (policy ACCEPT)
target     prot opt source               destination

Chain POSTROUTING (policy ACCEPT)
target     prot opt source               destination
MASQUERADE  all  --  10.0.138.0/24        anywhere
Разрешите маршрутизацию пакетов используя следующие команды:

root@eve-ng:/opt/unetlab/addons/qemu# echo net.ipv4.ip_forward=1 >> /etc/sysctl.conf
root@eve-ng:/opt/unetlab/addons/qemu# sysctl -p
Настройка сети и проверка связности
На виртуальной машине VyOS выполните следующие команды для настройки IP-адреса:

vyos@vyos:~$ configure 
vyos@vyos# set interfaces ethernet eth0 address 10.0.138.11/24
vyos@vyos# commit
Настройте маршрут по умолчанию с указанием адреса интерфейса pnet1 в качестве шлюза:

vyos@vyos# set protocols static route 0.0.0.0/0 next-hop 10.0.138.1
vyos@vyos# commit
Проверьте примененную конфигурацию:

vyos@vyos# show interfaces 
 ethernet eth0 {
     address 10.0.138.11/24
     hw-id 50:00:00:04:00:00
 }
 ethernet eth1 {
     hw-id 50:00:00:04:00:01
 }
 ethernet eth2 {
     hw-id 50:00:00:04:00:02
 }
 ethernet eth3 {
     hw-id 50:00:00:04:00:03
 }
 loopback lo {
 }
[edit]
vyos@vyos# show protocols 
 static {
     route 0.0.0.0/0 {
         next-hop 10.0.138.1 {
         }
     }
 }
[edit]
vyos@vyos# 
Проверьте связность до адреса 8.8.8.8:

vyos@vyos# ping 8.8.8.8
PING 8.8.8.8 (8.8.8.8) 56(84) bytes of data.
64 bytes from 8.8.8.8: icmp_seq=1 ttl=101 time=15.3 ms
64 bytes from 8.8.8.8: icmp_seq=2 ttl=101 time=15.0 ms
^C
--- 8.8.8.8 ping statistics ---
2 packets transmitted, 2 received, 0% packet loss, time 1002ms
rtt min/avg/max/mdev = 14.976/15.157/15.338/0.181 ms
В терминале виртуальной машины Ubuntu выполните следующие команды:

ubuntu@ubuntu:~$ sudo ip address add 10.0.138.12/24 dev ens3
ubuntu@ubuntu:~$ sudo ip route add 0.0.0.0/0 via 10.0.138.1
Проверьте связность до адреса 8.8.8.8:

ubuntu@ubuntu:~$ ping 8.8.8.8
PING 8.8.8.8 (8.8.8.8) 56(84) bytes of data.
64 bytes from 8.8.8.8: icmp_seq=1 ttl=101 time=15.3 ms
64 bytes from 8.8.8.8: icmp_seq=2 ttl=101 time=15.0 ms
^C
--- 8.8.8.8 ping statistics ---
2 packets transmitted, 2 received, 0% packet loss, time 1002ms
rtt min/avg/max/mdev = 14.976/15.157/15.338/0.181 ms
На виртуальной машине CentOS выполните следующие команды:

[root@localhost ~]# ifconfig ens3 10.0.138.13/24
[root@localhost ~]# ip route add 0.0.0.0/0 via 10.0.138.1
Проверьте связность до адреса 8.8.8.8:

[root@localhost ~]# ping 8.8.8.8
PING 8.8.8.8 (8.8.8.8) 56(84) bytes of data.
64 bytes from 8.8.8.8: icmp_seq=1 ttl=101 time=15.3 ms
64 bytes from 8.8.8.8: icmp_seq=2 ttl=101 time=15.0 ms
^C
--- 8.8.8.8 ping statistics ---
2 packets transmitted, 2 received, 0% packet loss, time 1002ms
rtt min/avg/max/mdev = 14.976/15.157/15.338/0.181 ms
Для входа в операционную систему Windows Server через HTML5 консоль необходимо нажать сочетание клавиш Ctrl+Alt+Shift для вызова бокового меню Guacamole. В данной панели необходимо выбрать опцию экранной клавиатуры.
